A4[2019-01-29 12:34:40] INFO  [JdbcProxyMain.main(JdbcProxyMain.java:22)] - JDBC Proxy start
